// Jest Snapshot v1, https://goo.gl/fbAQLP

exports[`Component should match snapshot 1`] = `
<Provider
  store={
    Object {
      "@@observable": [Function],
      "dispatch": [Function],
      "getState": [Function],
      "replaceReducer": [Function],
      "subscribe": [Function],
    }
  }
>
  <BrowserRouter>
    <Router
      location={
        Object {
          "hash": "",
          "key": "default",
          "pathname": "/",
          "search": "",
          "state": null,
        }
      }
      navigationType="POP"
      navigator={
        Object {
          "action": "POP",
          "back": [Function],
          "block": [Function],
          "createHref": [Function],
          "forward": [Function],
          "go": [Function],
          "listen": [Function],
          "location": Object {
            "hash": "",
            "key": "default",
            "pathname": "/",
            "search": "",
            "state": null,
          },
          "push": [Function],
          "replace": [Function],
        }
      }
    >
      <Routes>
        <HomePage>
          <styled.main>
            <main
              className="sc-bdvvtL cjxUAN"
            >
              <h1
                className="page-title"
              >
                Imaginary Real Estate Agency
              </h1>
              <Spinner
                animation="border"
                variant="primary"
              >
                <div
                  className="spinner-border text-primary"
                />
              </Spinner>
              <Container
                fluid={false}
              >
                <div
                  className="container"
                >
                  <Row
                    className="g-lg-3 g-xl-4 g-5"
                  >
                    <div
                      className="g-lg-3 g-xl-4 g-5 row"
                    />
                  </Row>
                </div>
              </Container>
            </main>
          </styled.main>
        </HomePage>
      </Routes>
    </Router>
  </BrowserRouter>
</Provider>
`;
